Log Test - Wed Jan 29 17:15:23 CET 2025
